[debug] [2025-11-17T14:19:01.764Z] ----------------------------------------------------------------------
[debug] [2025-11-17T14:19:01.824Z] Command:       /Users/jvalencia/.nvm/versions/node/v20.19.3/bin/node /Users/jvalencia/.nvm/versions/node/v20.19.3/bin/firebase init
[debug] [2025-11-17T14:19:01.824Z] CLI Version:   14.24.2
[debug] [2025-11-17T14:19:01.824Z] Platform:      darwin
[debug] [2025-11-17T14:19:01.824Z] Node Version:  v20.19.3
[debug] [2025-11-17T14:19:01.824Z] Time:          Mon Nov 17 2025 11:19:01 GMT-0300 (hora de verano de Chile)
[debug] [2025-11-17T14:19:01.825Z] ----------------------------------------------------------------------
[debug] 
[debug] [2025-11-17T14:19:01.827Z] >>> [apiv2][query] GET https://firebase-public.firebaseio.com/cli.json [none]
[info] 
     ######## #### ########  ######## ########     ###     ######  ########
     ##        ##  ##     ## ##       ##     ##  ##   ##  ##       ##
     ######    ##  ########  ######   ########  #########  ######  ######
     ##        ##  ##    ##  ##       ##     ## ##     ##       ## ##
     ##       #### ##     ## ######## ########  ##     ##  ######  ########

You're about to initialize a Firebase project in this directory:

  /Users/jvalencia/Desktop/Duoc/4Bimestre/Seguridad/Semana2/semana2

[debug] [2025-11-17T14:19:03.136Z] <<< [apiv2][status] GET https://firebase-public.firebaseio.com/cli.json 200
[debug] [2025-11-17T14:19:03.136Z] <<< [apiv2][body] GET https://firebase-public.firebaseio.com/cli.json {"cloudBuildErrorAfter":1594252800000,"cloudBuildWarnAfter":1590019200000,"defaultNode10After":1594252800000,"minVersion":"3.0.5","node8DeploysDisabledAfter":1613390400000,"node8RuntimeDisabledAfter":1615809600000,"node8WarnAfter":1600128000000}
[debug] [2025-11-17T14:19:38.413Z] ExitPromptError: User force closed the prompt with SIGINT
    at Interface.sigint (/Users/jvalencia/.nvm/versions/node/v20.19.3/lib/node_modules/firebase-tools/node_modules/@inquirer/core/dist/commonjs/lib/create-prompt.js:101:37)
    at Interface.emit (node:events:524:28)
    at Interface.emit (node:domain:489:12)
    at [_ttyWrite] [as _ttyWrite] (node:internal/readline/interface:1125:18)
    at ReadStream.onkeypress (node:internal/readline/interface:264:20)
    at ReadStream.emit (node:events:536:35)
    at ReadStream.emit (node:domain:489:12)
    at emitKeys (node:internal/readline/utils:371:14)
    at emitKeys.next (<anonymous>)
    at ReadStream.onData (node:internal/readline/emitKeypressEvents:64:36)
[error] 
[error] Error: An unexpected error has occurred.
